// Jest Snapshot v1, https://goo.gl/fbAQLP

exports[`User When user is logged in renders logged user with button of LogOut 1`] = `
Array [
  <nav
    className="navbar is-dark"
  >
    <div
      className="container"
    >
      <div
        className="navbar-brand"
      >
        <a
          className="navbar-item"
          href="/"
        >
          <img
            alt="\\\\"
            className="d-inline-block align-top"
            src="https://img.icons8.com/emoji/452/orange-book.png"
          />
        </a>
        <div
          className="navbar-burger navbar-dropdown "
          data-target="navMenuColorblack-example"
          onClick={[Function]}
          onKeyDown={[Function]}
          role="button"
          tabIndex="0"
        >
          <span />
          <span />
          <span />
        </div>
      </div>
      <div
        className="navbar-menu "
        id="navMenuColorblack-example"
      >
        <div
          className="navbar-end"
        >
          <a
            className="navbar-item"
            href="/"
            onClick={[Function]}
          >
            Home
          </a>
          <a
            className="navbar-item"
            href="/users/me"
            onClick={[Function]}
          >
            My Profile
          </a>
          <a
            className="navbar-item"
            href="/users"
            onClick={[Function]}
          >
            All Users
          </a>
          <a
            className="navbar-item"
            href="/books"
            onClick={[Function]}
          >
            Books
          </a>
          <a
            className="navbar-item"
            href="https://github.com/IIC2513-2021-1/grupo-demaciagang-p2-frontend"
            target="_blanck"
          >
             About Us
          </a>
          <a
            className="navbar-item"
            href="/notFound"
          >
            <img
              alt="\\\\"
              className="d-inline-block align-top"
              height="80"
              src="https://cdn.pixabay.com/photo/2013/07/12/17/50/bookmark-152545_960_720.png"
              width="40"
            />
          </a>
          <div
            className="navbar-item has-dropdown is-hoverable"
          >
            <p
              className="navbar-link"
            >
              Testman
              <div
                className="navbar-dropdown"
              >
                <button
                  className="like navbar-item"
                  onClick={[Function]}
                  type="submit"
                >
                  Log Out
                   
                   
                  <svg
                    fill="currentColor"
                    height="1em"
                    stroke="currentColor"
                    strokeWidth="0"
                    style={
                      Object {
                        "color": undefined,
                      }
                    }
                    viewBox="0 0 512 512"
                    width="1em"
                    xmlns="http://www.w3.org/2000/svg"
                  >
                    <path
                      d="M400 54.1c63 45 104 118.6 104 201.9 0 136.8-110.8 247.7-247.5 248C120 504.3 8.2 393 8 256.4 7.9 173.1 48.9 99.3 111.8 54.2c11.7-8.3 28-4.8 35 7.7L162.6 90c5.9 10.5 3.1 23.8-6.6 31-41.5 30.8-68 79.6-68 134.9-.1 92.3 74.5 168.1 168 168.1 91.6 0 168.6-74.2 168-169.1-.3-51.8-24.7-101.8-68.1-134-9.7-7.2-12.4-20.5-6.5-30.9l15.8-28.1c7-12.4 23.2-16.1 34.8-7.8zM296 264V24c0-13.3-10.7-24-24-24h-32c-13.3 0-24 10.7-24 24v240c0 13.3 10.7 24 24 24h32c13.3 0 24-10.7 24-24z"
                    />
                  </svg>
                </button>
              </div>
            </p>
          </div>
        </div>
      </div>
    </div>
  </nav>,
  <section>
    <div
      className="columns"
    >
      <div
        className="container profile"
      >
        <div
          className="section profile-heading"
        >
          <div
            className="columns is-mobile is-multiline"
          >
            <div
              className="column is-2"
            >
              <span
                className="header-icon user-profile-image"
              >
                <img
                  alt=""
                  src="data:image/png;base64,iVBORw0KGgoAAAANSUhEUgAAAJgAAAFMCAMAAAAAxIWeAAAAilBMVEX///8AAAD8/Pz5+fn19fXr6+vw8PDd3d3v7+/U1NTj4+Pg4ODz8/Po6OjR0dHZ2dmioqJubm7BwcG0tLQjIyMzMzNNTU1/f39bW1tERERxcXHExMQUFBS6uro6OjqampqwsLBVVVWHh4cuLi4eHh5kZGSnp6dGRkaOjo4RERGcnJyEhIQ3NzcTExNlU7xKAAAZiElEQVR4nO1dC5OaTLNmBlBERUAF5K5cBDX//++d7h5U8LKbfG8cUnW2q5KsuFmfnenpe/coyg/90A/90A/90A/90A/90P8n4oreVE3Ex8bxTDOGFCoEben6p9Excq4Y8M+BgLE1PrLxq706MjBl4pS2ongCWKvcvpyNDSxjLDYUi23m0w1jerepjOGujrqfAYAwFcWEDW0ADi1YzFi93u2nY+JCYBuDvrIKxlQFcB305Rw5bTcSJN2aCmCheA07yaw5/BXhqyXx2cRfSz8FVsxanYA54kENa8d1wJPBi0mICLX97V1ZxLWUMU8RgoJOoKpUyGM5Mr6ibPEATJEB46VcZC4TwDJEYOMTs0RI/MJYoig7xtLpGt8L5OIiMZrDv1MSDh4s2prWCp/DYTjhWYVFbWpdPrAd8jXXGxKtquIz5oNAQ64y3BJWSi2kLxcQHL9YLMYEjyNzFa1lKxRjDp4LxipF3YLEkC9kYYGK3WYT6so0ReWoTFqWoxhbkdAFIaLdRJxUuuqeywIYDQ7kMkCup5NQCmWZI1z5ZHbAGIpZYC2nRcG/YuyIi8miOa7behG2ZRk3EvDceWYKgqGIib/VHfMStHo4KMwW0dkoMFij7AV4UwKylWerAt3CjkCcFQYJfSsS5lgOzAUYV3AuPQul3B7V+lkCLjqBN4I9nCsK6B8N3ihgQT1mIfeFdArwK4fR0n2ccqGlEztMUIz5tE0+u+AywRsh8xF6gq+mHE/rAs7sdvV5YChOS9KEDJSgGZOShvVxJ2hcgNhFBZAY8JdvOUJeRNbnYQnF0xHsj7EBQSr2V4XFcwMWumxjodSYEThNnoA1o80V2TbBtSrnpBpVsHjgEJ5rVuPTCNe2nEiV/GhzHS1kNhapIDOOcEr9GtjPBA7cG6cVCgliRtmqcmFZmuC2vaJ6yP7XddFtMlg9tgY7m20WkoEJ0lDAg0xoZi+2qxkPFxdGYqretAHvATwLC3skwm28axveB5awcgxEHRI8jGhHE7kF6oArJWw7CqaOVDh+nfSsid9ulIAuGJOqqymIIuRXzx8aecXg86/AtrB0PR4D+T8SJEEr1nbLtNQGQp6PDGw9YKweGSMD08tbCIArBu9EBicnatQImdneBZnOwglAO61QK7njAcNlycGM2Ey6B0syhCxh4Fpd3GAMmnaORtS9npEWssSD6C555RKnYABL44LttO5Ry3x4zsAeI2DpeTlKsBPU9N5SzcmyuRoRO9LbYisXBFtyBIpoUrBCGz6qOmDoxYEc2co3FJH0Z+6+rhjyGHqaFeurdVmUP8sDfTZBI+2M4gJMtRUPZPiTD8SPL2W+seweOqzkcAJG2MsVhukeydyUTHx1RpWUy44MKyguorJ9OnRdZFhBfgvQqQtl41IoDOUIN2S+vj7TMrc7ESk6ws0IPAYaCOMEnl0f/PImN+7yFDd6OVJuhLudQx48uWko/9fgWo6lLlfOtijiF4cANVKJeYDR8m+apq67ozdIA2K03zuNm0y1WElm/zzoifk9u2jquPlKtBXJg0v6dk46ph/e0aIQqfCoL7RELHtk2pMZhiGe1Ow2b9QAwY0CYRqqxoGii0j2KAbPA6npLbCzuqr1478A7JoIJOq2ctQY1J32jwah9c4NlkzOo0e0/id2khZoqJXSfu5kRFqWDwahyJb/AxSyoq8WR3N2nyhhrG/5xOw0GpQhhf0lmv7C2qN/g+Z97q+YKIX6J6hhwQ3KgvKW/whZd9mPkbHoq++VSmCTHbovrZsH90/Q7ibJEil55t+mgMUTwWX5yAH+Ia13rJNd5uVfkfpqZHDKDwomA4Xujl5pCt4bxxQSeJDHtjMoEGJZjwzrXkUTKBdhkzWMhWDRpiMLWCyQZE64Y78mgKhaKEaMpmvG2Kbxx8w/YPAiV1BEHEgTZWBla4vJRCxjPZpi4h4rIooMNB7lBYFaB9zLlNWrvfCdxoCFuruTpQvwxfOiJWihNifZH4wQThRkejd/m/ZMM89gyq4UPmM5vtzsRrJ+QGR5D1y0nFMIT4RAD6MEOonDXjlDXVpQwcM5RiGgQjLrRcjuTvXXb3+OHPa1l5aPdCyX8VMyaUjZSDx2Yt988GGUFePI+19W0vFqHBMbpGj5vogUzqX2DQt+imysxH1Hu5CM/zHCnfOY3fyPZ7p4lCIfIVuJjQ89KWU+KB+faYpajhIka/qsP493w6C+z1Tgsc2X0uRDNABmtq2mcN1ClieDP2eJokrvFiEK2a/7mTQ2bIKCDYwgJ8Vlilis6aOcSi0eSFcPgW3RDGMUUuewnskogdjVULoeY9jBVdsBc0ylZckoEWK+H9aS7ljGcd0WETgBKpg7PjZDxPINxeWDngwZ7mXM1mv8gm3BPQF80mMFHC2egR4UJVApO0wB8Bl4LWHVvEsXyiSNPaqbLWbgGlYorJ0jb0Us4CNEV+DAFcMARYZ6YA6MNZ/XWOcPx3LGNrL9Sqzetx4f1djHiF8aOWwrAAvYRnJ0ZbV9jrJa7ATr6KgrEP0my1EpFbK3krddYKBPwFMVnNScTYHz8WRkrJQdI1YBV/HIPSvRVZCw2mPKLPaotUW2J56y58wHL0DkHxwlV6bLaIcnAdY1lYtLf+nnpgw787aowWN2VElzSuaxmvp+HmmPgbE1GbWU3eUn2cCAxS4vAl8hBX42IDVsqtjlS9nAgKtfVVGHtFhwMu2yXaM/iYdXqnXhPqmjG7Dg1kqFdWW+ZC+Jl92QhgFNSthKMLfTalNmZ1qptWz3rX6VXcMTwRWrM8CIBXXZNQ7aDjw3o8//HPubr07mvdUGjQ2pajy/50E6ws7+53DB9Jvgxt8nGgfiZdOuE5Dnx9chvDMGj6WumSEmlZRB05xsH5sHw8kLAPMda2WHL8ymvfdZsuObeBMYsxfpDsmJIF22rH0HSyFZtp+8ffczBJ+5s6aggN7HfGDPKypGlclnxkUYGc2XworLX7O8ExlfA1PI5Qxk2v7Y2ImQ/G+AcQ7fWUvcS2xLB2cIFPe3WYb62UX4GKlkSFwWGLv+zrLnKJBliTOLhgYdFa5634wZoE2spHV1OaywxfCs6put1FDAWlLK1MF8AGct4VuWUxPQO2C4Vgs73QS5smSFFJGxroCxFhfcRL18n7dZrquC1IMFroqEcCxXS6xj0ymoqT+WJ3akzc7eTZt6sOESuJ+LvrslmToA7PgUNFctv7iC2uUFc/StlBEhyozFJq6Y2EqvJ9eRr+bJ8W53VBrIV9eXFC3I0ei/Abv0g7FucKQd3OdUxeJzxfbmS1mO3BTDvsLX6FZMqBzXSan0wren8ODCQgp1qlogrZDY26hdU94yFmZP5B8csDdYvDuswTxb6RjDFkUZ1laaSqKt6boFA1a5vpcKjspqsLBTjPZvNZBzKEjmB9jaSpJ5MUX9vRAR9ep2/PbRgvaUbVEAm8qWxZctNlX5c2ltLXu2ycAC3CwxiwS+SLFNrdtHM6YpmLzpAgbxUaKdiDOOhEgH5i+Wmqr21iSvFcW2qGxx1+SqJjVCzE+inE3RN/d27AcKxyk6molgTs2+ADZOBU1NAYDDe2DVSJXNNgEDDn+XMcqeY9tSKCJg0fuguSs9piJIp67n6Xtg2lf1Dx+kFWlmABa82TB1O06vzZJ2CoB57wRVPs68lwi3kgOwy7t0qTrKTEA8lXPa0LdiFEzwMYp0D6w1v2R+bM0bo9smo6l701eh6aQrBDmN0o59FlPinoFxMHiWdCBMVo4wiqOhVJv/YsX06/Ya7DY9RCL5tE/Nq4rqaztL/Zw7l0A+tWA0r6rXGNqKipjTJ7+x5QbsOSx9X6hyBOF/BfZCiN6B+fJryLhHi1G9AhbcgB3kd3VpBR296lUe2r4BM9mtQ1sWiWAPiotn5rc75hfvSy67M8SBe3kqe+3rM+lds4aYiBa+ygfm96z5RPp0X4t0+Ovy4KwX3QklRTk74rBdMQKbvprmFfYE/kyy8Ff3IvY6fSXb3R7HL79pk/jLpHnd571ML0f9OoOQpao8C+OaSUJgz8yv9Zcxl7mX2EMmWGv6stCn77glMvfSuVlhL1dMKe7yntNeSsKV3BXN6mXR/q4vvOSdS5zme12m5GXo4tI/qpq0cSFWz5xev1yxhhW9k5iwWEpeBK2am79YvxzUkA/qkvRfUhqUsDDg7n9MXzYnWUNrJ8B+nA/LsuX5MHB9XkcU3WEZ47Rl6WcVpjnDgH48FwNDkWYvamLp6UB2hZ+cjwlYfJG3Au9jVXWlpDh54EUH3EPt2+y7brT/hGu66ULoCkYl6IMdO8KK3OcCvO3wSPDdB9P1NONy26ACmgQgQBe+obPKZHX0ImP5mCmvPxhdBIl1Vkm3qA7+/icWLVkYsd2seBZlpweZikuWfwhYLgpA4AQUKLvUXWmYLIMzeqqfGch+rIE1W1Z+ZmA5V3o3blnIzwf4YzvsYqxY/LiXyZNuP39KY1KfyH7X4p0ryNghCIATm9NAU+/pM5dPgzy7GwY+Qt1NZd29Iq2uOFvuiJt+Hi2uybMHvv9kHQ3Vc+IeqTHYDybbwfFrcN+uKHg3G9B6LuKNXtX1/i0C/trQCXSxH8QGphd51H5nC7Fb8iJm4XwwG4dXSGEBrk2H32enR2BnTEI7pCyfRIj1QYPxJCxT0SWrwwctitI+54k4gbPuKjrWcncQslDd3DY5Tz8XxLbZpd7vOsUEEtfU0ptYsPYClQ2W0Pw6T4sGg9tUiWEA+3/Mko2umfkTiQ8b+D/Ooihx7f2tNoV6d+07j9VU3YNixfngMCv4FJBkR5ThVCkwZY9k5eiJnOiWQcU6hZ2EqWk8R/FRd6nTeqSnBbBTEzZdjQMXM3Spisa7oc3goESglZwP2rGcbyiUI/Ko8+uZFJucqYp6aLjZqzoSGx+C2E8+3KgU0YpZMWY98EKDDbWAwtPYu7IVXURUz2YWWXA+PF64il58esgKsI2PtmxL9yQF2ysw2EGV6zw5iUqQlQggu8TvXEGQ1WcdEuyAYK1TscCqWZyLC1iQ2a4VPkAbIWBDUtzLJiOB8fGoj9rsWCqu7mP+/A6so7jI9FpYFyFo00h4CqzMJEQWdbylqdlitMkSwOZXVLaFxrctgB1Y+4seb31Jsy9wFX4d280Oi3xajF7ANrrwpy3BIToglyGwc7exeOOTFFzKJPF37Fq1SY3ZAErV1s4xvEovVwArs7ns7ozVKkyPfkjAOE7T6uzrzHHDSujKcxcaG6VixUMNyJHHesxtX4G9n9XxSaKF2JNqxgbUno/bAWtGu79VxAiWolWvZxq6AhiYSRIj1kNq6H5gzrf3xJZCC4jAfLYZbWon2jVrGgnb9mwaQwDLRF5nFLIEc4HkL3vA5tetHKdSi0ikUgHYtsdNngiISU0+PNJB3DHYgpF4f1iJ3Eg9JrA9AuNmzDY9drqnWUcFhicvHUbA0M7He0BHnMAa3HRlfn+IF1caHIGNNLRNQWB4T/AyHqgkhVG1XfTB2Ou3FLALStYtCPne05Zs14ncLOqQzqzArbwM5BjsLBYPjAlscrny2MCb3ZL6now4dX4qDEU9Zts+MJ+4fvJiAIUsWrFrgdtg2GPDYoVC8J8L1n1D+oYkP2jFfR8YXgLBcTnHG6K+pyzX4yVFoiZkOebNBiHx2AwEV3/FMgoFa2OqpJCGgE8fBsBkFETWSlaMZpBl5FdOH5JFIkOvFiPeMDi72mODUpoJpVIBWDnGOLkrMLQuLkOtiEFYjidDai3UgKKr5B9spSoExX4kxxJpTboSNm0g+bsbBv0RgflkwaISH3iQQuaPCMzYiOzS4yyOq2M5GjAtFUL08jAK6gpsvCtafMFNl555j3u66YCNZ8GuhbHv9Q0JK6u3nSs+wlZ2vG6joqb4mNU9zSnbRMDAsawS6ZJMq8/7zVYUVuNgNLGVomwkFW6ICAw7cmOK2vYap87J4WW1josIT9PTWrlWPJd7Cm7LDEZh5DfI7KMQFxjjP4rczR7A1R4BO7GNuqpLmaXg3GTsF24RhQG4VnTZLNhZQySWdoqquKz1wWL0ZdaoU/o5Kk42rRgmIFYY+Gmxq7JLcsUpZqYDjFXJBbZSJhvmALDJ2o5Zy3GK6AZzSot1FXf8V/oL/F6JwBJKMmDdCitKOnsYfTrsO8PMTCrHcdZTqu/aymxo5AdYjkirHcFdnmvgFnrIXw8FNVg8KHOonNGKZdLdaBbNcWXIKQIf4GJrd/HAk63U/gyaYVRlUd8IC8lbowW8626qbokljt5elP3sgqFpFgawdQzxO+vDzQWBX8B3S4l9UzgY5x51NVlJKa/oddw1YKG6+Ez52AsK+1WTocjuAmDrReq7Ym1RbJ2DnA0FGR+EzcpY4rqpfGodWHya5bByxarPeVw93Ma+2L3ZfJ8ic99JUNw/KpXp0s8o1YLI1K/gVDgll9A5+AEIXefTuFRU4W0R4IC7vHuWsBRTu5khyghSELBOlmUgxQ4C5NL5+DUyHEsr4pnRL1Vf+mwXJCn6JHnJ+nSNXHOwcz+sAvA+opMIlySsnIh/0fBZuLQmkxOODKmqKgzCdtDZ8mFg63ucfIZGdN6g1m5zDmKMRNbcq7qE4LwfJfA+HS/j6S1UOIe1EXV3FS5h1G3cLYE6u/ubevay9eWvkn/rtevOYnWOqHIyf8zSqJ6ID3PFKkTh2UdpfTuMBnxcat/Ccz7NS+t/66J7RXZt9WE5hrPtWEMX/YArHvbkacpe17vOsQ4ilZD0wsyuN1tybhwHH0a2GRXDGoO1ObEmmugl2+SfxTUXZn2ho93cL48BqYXHlCt5nDo9bc7pm0yQf471uQOQpQUr7TCm4aWBsH74FPkMhQddHiDKegbph8g+z6mW8nOFd2hNY+EaGaoEiC7oakzc4TlKK7DKAHm/VWSN3LfRSBB/itEwP2MqszAMM1dYMpyTSt/gmUCRkXtUH5LhlCZ6f02zkS4uFxVdH2k4VjOM0U2uVU+klbFUuAI9hTuFfGbtKLullUK6GmStXfwpzgMzabz/zHXrphJM+JckCDH35K6iSfV4eOHtmWFcrIHNWnaaIRPA0O538Oo6d4vuwH3+NdsUzl/aV3XPyqmizes09TMHPqclYFg+D5w/QYQ7UIiNAJaQguLa3sM5oioFf2a8B4yky9+YMWrSTz6zjZ8kCTht3bAsbUsLx3LhAd9uMMs7xw0/Wcux+jRbcvynSdZJoqpdSV77n5OHOELxZN7HDVedSJqKVD0sFTJQi4gwX4nz3G7/F5erUSmN490kH5i+OOP5v6Y1UQ0H5FnfeMQYADuSpZaSwVatwHTsXxGUhqirqqeSB7ow9H/M0sFWRKc9BUq8fZPUdQAcRgXeYsmWJcsVbB6hY4BT0sSs5OfCtuqVfEWp+z8mw1ZDfi1yUuDRLb6a0p61wPLHLqw+rV4Bq17XFRyoCu2PaVaT0NrZ6yiK7FT0wO0HvyJFYjNk+0ywlTho0eDToqP/ZmaCwd7PmHpP1CrA8ru32vUBFdnd3EFjyyO/JH8fQQ9vYu+JcEf+NIyQ4Ao5g5i4qqzXpVB9grhKPHWgCaPl7fse1mD1xfHD9/4sGYyHOdBeqI1ZOWjnXNo1gQc1XlySaKVYT0xT4bUQ7zas+cNg1UMd6Z04xa39wQdxAexKu3OURNHtG+wvpYIe/1Hb6qL46oeFz2dMQ31TMmdzx+fYtTu1OLYyfiFHdRTbv595Wn9dNuQMLrVFm4bMG/KL3Pzs/BpKmaB3H+gjkR7d/m6sCvzH3VfyBRfUv59NF89dL2+fYFbJWwfXELbvqvxVow1oVjzpdfHb/UHz9ruEY3o9TFyZkh9gIlvSE/VqRYTWJFrn4lXLjllj28o0ibqlU92ExGTsGiU7/54wU18qkAG5XVCFE2+HiUrWFz0JsB1hNsPOIPohswdzJy0vTnNLCIDBOTn+rs48sW+bgvmxs8iARwq0+VQ8+Lj9vOhO2SQgToS1WM3MlevbVlb5+2FAyNcVmt79e46Kif95n3zNkLBkR3NNu5HCxie0u07W1LUYB4MUsPSZU2erlVXXSeImyYx+NRXX9uuB5x1V1C6D+UZt8syzHTcsu73A074Bi9aa9o7i7uxqi8UCzF6391+UrkN0SDpq/d+6kQ1E5W7pdB9xcY3HDmLxet1BgF+h1vBSYGLkCo3uy3W7tnj5jq6++O2IjDpxbVKkv3fJhuivcHdpNz27CP08WWi6PdN0Q+N13CztA+HYJCuHFVhllNC6ZbqiTsHf1K0oOabXdqWiTP26Xk11LWnuPG4Y+eUm535PWwaifwbWvek1s3V53e1t1vemmS9wRuACjVT4pbMnxTo7OLueJqBdr6a6vrLrrGcNp9ZvOnJiepL43vmq9o4Fe6C23TgJ7igY8pESwbYHBzRpX/z8hWW5jnc8Pv6IjhGOu+PvO8HB412i2jRK/LW1DiofaT035501ZDKHuPF7LTxtdr7v+KGXdh5zu0nrPzSrwSA9vDg9j0Tz0lkA+xOsvvOqB+9aobvKXNN4fP4t4ZCNTP++idRMGpTpjrRyRIMKO/bVyTTnvSxQP1i5MJadDgxk1lZM7Dt7Vn7WTOfz5S3oNpnqy2zbHTZ5q9XR6rR/OIebqqr2YWY3F1ZcRYAzxg3Fqts02QO6PhVhYn4+o/YWnRWtzGy/21dZdhNmZbEJG3+0hqg+UWRzsj74VZXnjmn8E6B+6Id+6Id+6Id+6Id+6If+Jfo/fzt3FCJJixUAAAAASUVORK5CYII="
                />
              </span>
            </div>
            <div
              className="column is-4-tablet is-10-mobile name"
            >
              <p>
                <span
                  className="title is-bold"
                >
                  Testman
                   
                  Tester
                </span>
                <br />
                <a
                  className="button is-primary"
                  href="/users/me/edit"
                  id="Edituser"
                  onClick={[Function]}
                >
                  Edit Profile
                </a>
                <br />
              </p>
              <p
                className="tagline"
              >
                <strong>
                  Email: 
                </strong>
                 
                test@uc.cl
              </p>
            </div>
            <div
              className="column is-2-tablet is-4-mobile has-text-centered"
            >
              <p
                className="stat-val"
              >
                30
              </p>
              <p
                className="stat-key"
              >
                searches
              </p>
            </div>
            <div
              className="column is-2-tablet is-4-mobile has-text-centered"
            >
              <p
                className="stat-val"
              >
                10
              </p>
              <p
                className="stat-key"
              >
                likes
              </p>
            </div>
            <div
              className="column is-2-tablet is-4-mobile has-text-centered"
            >
              <p
                className="stat-val"
              >
                1
              </p>
              <p
                className="stat-key"
              >
                lists
              </p>
            </div>
          </div>
        </div>
        <div
          className="profile-options is-fullwidth"
        >
          <div
            className="tabs is-fullwidth is-medium"
          >
            <ul>
              <li
                className="link"
              >
                <button
                  className="like"
                  type="submit"
                >
                  <span
                    onClick={[Function]}
                    onKeyDown={[Function]}
                    role="button"
                    tabIndex="0"
                  >
                    My Reviews
                  </span>
                </button>
              </li>
              <li
                className="link"
              >
                <button
                  className="like"
                  type="submit"
                >
                  <span
                    onClick={[Function]}
                    onKeyDown={[Function]}
                    role="button"
                    tabIndex="0"
                  >
                    My Books
                  </span>
                </button>
              </li>
              <li
                className="link"
              >
                <button
                  className="like"
                  type="submit"
                >
                  <span
                    onClick={[Function]}
                    onKeyDown={[Function]}
                    role="button"
                    tabIndex="0"
                  >
                    My Liked Reviews
                  </span>
                </button>
              </li>
            </ul>
          </div>
        </div>
        <br />
        
        
        
      </div>
    </div>
  </section>,
  <footer
    className="footer"
  >
    <div
      className="content has-text-centered"
    >
      <a
        className="navbar-item"
        href="https://www.instagram.com/bastian_hilcker/"
        target="_blanck"
      >
        Check our Instagram
        <svg
          fill="currentColor"
          height="1em"
          stroke="currentColor"
          strokeWidth="0"
          style={
            Object {
              "color": undefined,
            }
          }
          viewBox="0 0 1024 1024"
          width="1em"
          xmlns="http://www.w3.org/2000/svg"
        >
          <path
            d="M512 306.9c-113.5 0-205.1 91.6-205.1 205.1S398.5 717.1 512 717.1 717.1 625.5 717.1 512 625.5 306.9 512 306.9zm0 338.4c-73.4 0-133.3-59.9-133.3-133.3S438.6 378.7 512 378.7 645.3 438.6 645.3 512 585.4 645.3 512 645.3zm213.5-394.6c-26.5 0-47.9 21.4-47.9 47.9s21.4 47.9 47.9 47.9 47.9-21.3 47.9-47.9a47.84 47.84 0 0 0-47.9-47.9zM911.8 512c0-55.2.5-109.9-2.6-165-3.1-64-17.7-120.8-64.5-167.6-46.9-46.9-103.6-61.4-167.6-64.5-55.2-3.1-109.9-2.6-165-2.6-55.2 0-109.9-.5-165 2.6-64 3.1-120.8 17.7-167.6 64.5C132.6 226.3 118.1 283 115 347c-3.1 55.2-2.6 109.9-2.6 165s-.5 109.9 2.6 165c3.1 64 17.7 120.8 64.5 167.6 46.9 46.9 103.6 61.4 167.6 64.5 55.2 3.1 109.9 2.6 165 2.6 55.2 0 109.9.5 165-2.6 64-3.1 120.8-17.7 167.6-64.5 46.9-46.9 61.4-103.6 64.5-167.6 3.2-55.1 2.6-109.8 2.6-165zm-88 235.8c-7.3 18.2-16.1 31.8-30.2 45.8-14.1 14.1-27.6 22.9-45.8 30.2C695.2 844.7 570.3 840 512 840c-58.3 0-183.3 4.7-235.9-16.1-18.2-7.3-31.8-16.1-45.8-30.2-14.1-14.1-22.9-27.6-30.2-45.8C179.3 695.2 184 570.3 184 512c0-58.3-4.7-183.3 16.1-235.9 7.3-18.2 16.1-31.8 30.2-45.8s27.6-22.9 45.8-30.2C328.7 179.3 453.7 184 512 184s183.3-4.7 235.9 16.1c18.2 7.3 31.8 16.1 45.8 30.2 14.1 14.1 22.9 27.6 30.2 45.8C844.7 328.7 840 453.7 840 512c0 58.3 4.7 183.2-16.2 235.8z"
          />
        </svg>
      </a>
    </div>
  </footer>,
]
`;

exports[`User When user is not logged in renders LogIn 1`] = `
Array [
  <nav
    className="navbar is-dark"
  >
    <div
      className="container"
    >
      <div
        className="navbar-brand"
      >
        <a
          className="navbar-item"
          href="/"
        >
          <img
            alt="\\\\"
            className="d-inline-block align-top"
            src="https://img.icons8.com/emoji/452/orange-book.png"
          />
        </a>
        <div
          className="navbar-burger navbar-dropdown "
          data-target="navMenuColorblack-example"
          onClick={[Function]}
          onKeyDown={[Function]}
          role="button"
          tabIndex="0"
        >
          <span />
          <span />
          <span />
        </div>
      </div>
      <div
        className="navbar-menu "
        id="navMenuColorblack-example"
      >
        <div
          className="navbar-end"
        >
          <a
            className="navbar-item"
            href="/"
            onClick={[Function]}
          >
            Home
          </a>
          
          <a
            className="navbar-item"
            href="/books"
            onClick={[Function]}
          >
            Books
          </a>
          <a
            className="navbar-item"
            href="https://github.com/IIC2513-2021-1/grupo-demaciagang-p2-frontend"
            target="_blanck"
          >
             About Us
          </a>
          <a
            className="navbar-item"
            href="/notFound"
          >
            <img
              alt="\\\\"
              className="d-inline-block align-top"
              height="80"
              src="https://cdn.pixabay.com/photo/2013/07/12/17/50/bookmark-152545_960_720.png"
              width="40"
            />
          </a>
          <a
            className="navbar-item"
            href="/login"
            onClick={[Function]}
          >
            Log In
          </a>
          <a
            className="navbar-item"
            href="/signup"
            onClick={[Function]}
          >
            Sign Up
          </a>
        </div>
      </div>
    </div>
  </nav>,
  <section
    className="hero is-success is-fullheight"
  >
    <div
      className="hero-body"
    >
      <div
        className="container"
      >
        <div
          className="columns is-centered"
        >
          <div
            className="column is-5-tablet is-4-desktop is-3-widescreen"
          >
            <form
              className="box"
              onSubmit={[Function]}
            >
              <div
                className="field"
              >
                <label
                  className="label"
                  htmlFor="email"
                >
                  Email
                  <div
                    className="control has-icons-left  has-icons-right"
                  >
                    <input
                      className="input"
                      id="email"
                      name="email"
                      onChange={[Function]}
                      placeholder="example@domain.com"
                      required={true}
                      type="text"
                      value=""
                    />
                    <span
                      className="icon is-small is-left"
                    >
                      <svg
                        fill="currentColor"
                        height="1em"
                        stroke="currentColor"
                        strokeWidth="0"
                        style={
                          Object {
                            "color": undefined,
                          }
                        }
                        viewBox="0 0 512 512"
                        width="1em"
                        xmlns="http://www.w3.org/2000/svg"
                      >
                        <path
                          d="M464 64H48C21.49 64 0 85.49 0 112v288c0 26.51 21.49 48 48 48h416c26.51 0 48-21.49 48-48V112c0-26.51-21.49-48-48-48zm0 48v40.805c-22.422 18.259-58.168 46.651-134.587 106.49-16.841 13.247-50.201 45.072-73.413 44.701-23.208.375-56.579-31.459-73.413-44.701C106.18 199.465 70.425 171.067 48 152.805V112h416zM48 400V214.398c22.914 18.251 55.409 43.862 104.938 82.646 21.857 17.205 60.134 55.186 103.062 54.955 42.717.231 80.509-37.199 103.053-54.947 49.528-38.783 82.032-64.401 104.947-82.653V400H48z"
                        />
                      </svg>
                    </span>
                    <span
                      className="icon is-small is-right"
                    >
                      <svg
                        enableBackground="new 0 0 48 48"
                        fill="currentColor"
                        height="1em"
                        stroke="currentColor"
                        strokeWidth="0"
                        style={
                          Object {
                            "color": undefined,
                          }
                        }
                        version="1"
                        viewBox="0 0 48 48"
                        width="1em"
                        xmlns="http://www.w3.org/2000/svg"
                      >
                        <polygon
                          fill="#43A047"
                          points="40.6,12.1 17,35.7 7.4,26.1 4.6,29 17,41.3 43.4,14.9"
                        />
                      </svg>
                    </span>
                  </div>
                </label>
              </div>
              <div
                className="field"
              >
                <label
                  className="label"
                  htmlFor="password"
                >
                  Password
                  <div
                    className="control has-icons-left"
                  >
                    <input
                      className="input"
                      id="password"
                      name="password"
                      onChange={[Function]}
                      placeholder="*******"
                      required={true}
                      type="password"
                      value=""
                    />
                    <span
                      className="icon is-small is-left"
                    >
                      <svg
                        fill="currentColor"
                        height="1em"
                        stroke="currentColor"
                        strokeWidth="0"
                        style={
                          Object {
                            "color": undefined,
                          }
                        }
                        viewBox="0 0 1024 1024"
                        width="1em"
                        xmlns="http://www.w3.org/2000/svg"
                      >
                        <path
                          d="M832 464h-68V240c0-70.7-57.3-128-128-128H388c-70.7 0-128 57.3-128 128v224h-68c-17.7 0-32 14.3-32 32v384c0 17.7 14.3 32 32 32h640c17.7 0 32-14.3 32-32V496c0-17.7-14.3-32-32-32zM540 701v53c0 4.4-3.6 8-8 8h-40c-4.4 0-8-3.6-8-8v-53a48.01 48.01 0 1 1 56 0zm152-237H332V240c0-30.9 25.1-56 56-56h248c30.9 0 56 25.1 56 56v224z"
                        />
                      </svg>
                    </span>
                  </div>
                </label>
              </div>
              <div
                className="field"
              >
                <label
                  className="checkbox"
                  htmlFor="checkbox"
                >
                  <input
                    type="checkbox"
                  />
                  Remember me
                </label>
              </div>
              <div
                className="field"
              >
                <button
                  className="button is-success"
                  disabled={true}
                  type="submit"
                >
                  Login
                </button>
              </div>
            </form>
            <p>
              
            </p>
          </div>
        </div>
      </div>
    </div>
  </section>,
  <footer
    className="footer"
  >
    <div
      className="content has-text-centered"
    >
      <a
        className="navbar-item"
        href="https://www.instagram.com/bastian_hilcker/"
        target="_blanck"
      >
        Check our Instagram
        <svg
          fill="currentColor"
          height="1em"
          stroke="currentColor"
          strokeWidth="0"
          style={
            Object {
              "color": undefined,
            }
          }
          viewBox="0 0 1024 1024"
          width="1em"
          xmlns="http://www.w3.org/2000/svg"
        >
          <path
            d="M512 306.9c-113.5 0-205.1 91.6-205.1 205.1S398.5 717.1 512 717.1 717.1 625.5 717.1 512 625.5 306.9 512 306.9zm0 338.4c-73.4 0-133.3-59.9-133.3-133.3S438.6 378.7 512 378.7 645.3 438.6 645.3 512 585.4 645.3 512 645.3zm213.5-394.6c-26.5 0-47.9 21.4-47.9 47.9s21.4 47.9 47.9 47.9 47.9-21.3 47.9-47.9a47.84 47.84 0 0 0-47.9-47.9zM911.8 512c0-55.2.5-109.9-2.6-165-3.1-64-17.7-120.8-64.5-167.6-46.9-46.9-103.6-61.4-167.6-64.5-55.2-3.1-109.9-2.6-165-2.6-55.2 0-109.9-.5-165 2.6-64 3.1-120.8 17.7-167.6 64.5C132.6 226.3 118.1 283 115 347c-3.1 55.2-2.6 109.9-2.6 165s-.5 109.9 2.6 165c3.1 64 17.7 120.8 64.5 167.6 46.9 46.9 103.6 61.4 167.6 64.5 55.2 3.1 109.9 2.6 165 2.6 55.2 0 109.9.5 165-2.6 64-3.1 120.8-17.7 167.6-64.5 46.9-46.9 61.4-103.6 64.5-167.6 3.2-55.1 2.6-109.8 2.6-165zm-88 235.8c-7.3 18.2-16.1 31.8-30.2 45.8-14.1 14.1-27.6 22.9-45.8 30.2C695.2 844.7 570.3 840 512 840c-58.3 0-183.3 4.7-235.9-16.1-18.2-7.3-31.8-16.1-45.8-30.2-14.1-14.1-22.9-27.6-30.2-45.8C179.3 695.2 184 570.3 184 512c0-58.3-4.7-183.3 16.1-235.9 7.3-18.2 16.1-31.8 30.2-45.8s27.6-22.9 45.8-30.2C328.7 179.3 453.7 184 512 184s183.3-4.7 235.9 16.1c18.2 7.3 31.8 16.1 45.8 30.2 14.1 14.1 22.9 27.6 30.2 45.8C844.7 328.7 840 453.7 840 512c0 58.3 4.7 183.2-16.2 235.8z"
          />
        </svg>
      </a>
    </div>
  </footer>,
]
`;
